BL51 BANKED LINKER/LOCATER V6.22                                                        12/10/2015  22:54:06  PAGE 1


BL51 BANKED LINKER/LOCATER V6.22, INVOKED BY:
D:\KEIL\C51\BIN\BL51.EXE test04.obj TO test04 RAMSIZE (256)


MEMORY MODEL: SMALL


INPUT MODULES INCLUDED:
  test04.obj (TEST04)
  D:\KEIL\C51\LIB\C51S.LIB (?C_STARTUP)


LINK MAP OF MODULE:  test04 (TEST04)


            TYPE    BASE      LENGTH    RELOCATION   SEGMENT NAME
            -----------------------------------------------------

            * * * * * * *   D A T A   M E M O R Y   * * * * * * *
            REG     0000H     0008H     ABSOLUTE     "REG BANK 0"
            IDATA   0008H     0001H     UNIT         ?STACK

            * * * * * * *   C O D E   M E M O R Y   * * * * * * *
            CODE    0000H     0003H     ABSOLUTE     
            CODE    0003H     0042H     UNIT         ?PR?MAIN?TEST04
            CODE    0045H     000CH     UNIT         ?C_C51STARTUP



OVERLAY MAP OF MODULE:   test04 (TEST04)


SEGMENT
  +--> CALLED SEGMENT
---------------------
?C_C51STARTUP
  +--> ?PR?MAIN?TEST04



SYMBOL TABLE OF MODULE:  test04 (TEST04)

  VALUE           TYPE          NAME
  ----------------------------------

  -------         MODULE        TEST04
  C:0000H         SYMBOL        _ICE_DUMMY_
  D:0080H         PUBLIC        P0
  D:0090H         PUBLIC        P1
  D:00B0H         PUBLIC        P3
  D:00A8H         PUBLIC        IE
  D:00B8H         PUBLIC        IP
  C:0003H         PUBLIC        main
  D:0098H         PUBLIC        SCON
  D:0088H         PUBLIC        TCON
  B:0090H.0       PUBLIC        ADDR0
  B:0090H.1       PUBLIC        ADDR1
  B:0090H.2       PUBLIC        ADDR2
BL51 BANKED LINKER/LOCATER V6.22                                                      12/10/2015  22:54:06  PAGE 2


  B:0090H.3       PUBLIC        ADDR3
  D:00C8H         PUBLIC        T2CON
  B:0090H.4       PUBLIC        ENLED
  D:00D0H         PUBLIC        PSW
  -------         PROC          MAIN
  -------         DO            
  D:0006H         SYMBOL        i
  -------         ENDDO         
  C:0003H         LINE#         14
  C:0003H         LINE#         15
  C:0003H         LINE#         16
  C:0003H         LINE#         17
  C:0005H         LINE#         18
  C:0007H         LINE#         19
  C:0009H         LINE#         20
  C:000BH         LINE#         21
  C:000DH         LINE#         23
  C:000DH         LINE#         24
  C:000DH         LINE#         26
  C:0010H         LINE#         27
  C:001EH         LINE#         28
  C:0021H         LINE#         29
  C:0024H         LINE#         30
  C:0032H         LINE#         31
  -------         ENDPROC       MAIN
  -------         ENDMOD        TEST04

Program Size: data=9.0 xdata=0 code=81
LINK/LOCATE RUN COMPLETE.  0 WARNING(S),  0 ERROR(S)
