C51 COMPILER V9.02   PRICETICE_03                                                          12/16/2015 21:33:58 PAGE 1   


C51 COMPILER V9.02, COMPILATION OF MODULE PRICETICE_03
OBJECT MODULE PLACED IN pricetice_03.OBJ
COMPILER INVOKED BY: D:\Keil\C51\BIN\C51.EXE pricetice_03.c BROWSE DEBUG OBJECTEXTEND

line level    source

   1          #include <reg52.h>
   2          
   3          sbit ADDR0 = P1 ^ 0;
   4          sbit ADDR1 = P1 ^ 1;
   5          sbit ADDR2 = P1 ^ 2;
   6          sbit ADDR3 = P1 ^ 3;
   7          sbit ENLED = P1 ^ 4;
   8          
   9          void main()
  10          {
  11   1              ENLED =0; //使能U3,选择数码管DS1
  12   1              ADDR3 = 1;
  13   1              ADDR2 = 0;
  14   1              ADDR1 = 0;
  15   1              ADDR0 = 0;
  16   1              P0 = 0XF8; //点亮数码管b和c段
  17   1      
  18   1              while(1);
  19   1      }


MODULE INFORMATION:   STATIC OVERLAYABLE
   CODE SIZE        =     15    ----
   CONSTANT SIZE    =   ----    ----
   XDATA SIZE       =   ----    ----
   PDATA SIZE       =   ----    ----
   DATA SIZE        =   ----    ----
   IDATA SIZE       =   ----    ----
   BIT SIZE         =   ----    ----
END OF MODULE INFORMATION.


C51 COMPILATION COMPLETE.  0 WARNING(S),  0 ERROR(S)
