C51 COMPILER V9.02   LED_PRACTICE01                                                        12/21/2015 21:01:12 PAGE 1   


C51 COMPILER V9.02, COMPILATION OF MODULE LED_PRACTICE01
OBJECT MODULE PLACED IN LED_Practice01.OBJ
COMPILER INVOKED BY: D:\Keil\C51\BIN\C51.EXE LED_Practice01.c BROWSE DEBUG OBJECTEXTEND

line level    source

   1          #include <reg52.h>
   2          
   3          sbit ADDR0 = P1 ^ 0;
   4          sbit ADDR1 = P1 ^ 1;
   5          sbit ADDR2 = P1 ^ 2;
   6          sbit ADDR3 = P1 ^ 3;
   7          sbit ENLED = P1 ^ 4;
   8          
   9          unsigned char code LedChar[] = {
  10                  0xC0, 0xF9, 0xA4, 0xB0, 0x99, 0x92, 0x82, 0xF8,
  11                  0x80, 0x90, 0x88, 0x83, 0xC6, 0xA1, 0x86, 0x8E
  12          };
  13          
  14          unsigned char LedBuff[6] = {
  15                  0xFF, 0xFF, 0xFF, 0xFF, 0xFF, 0xFF
  16          };
  17          
  18          
  19          
  20          void main()
  21          {
  22   1                      unsigned int count = 0;
  23   1                      unsigned long sec  = 0;
  24   1                      unsigned char i = 0;
  25   1                      ENLED = 0;
  26   1                      ADDR1 = 1;
  27   1                      TMOD  = 0x01;
  28   1                      TH0   = 0xFC;
  29   1                      TL0       = 0x67;
  30   1                      TR0   = 1;
  31   1      
  32   1                      while(1)
  33   1                      {
  34   2                              if(TF0 == 1)
  35   2                              {
  36   3                                      TF0 = 0;
  37   3                                      TH0 = 0xFC;
  38   3                                      TL0 = 0x67;
  39   3                                      count ++;
  40   3                                      if(count >= 1000)
  41   3                                      {
  42   4                                              count = 0;
  43   4                                              sec++;
  44   4                                              LedBuff[0] = LedChar[sec % 10];         //取个位
  45   4                                              LedBuff[1] = LedChar[sec / 10 % 10]; //取十位
  46   4                                              LedBuff[2] = LedChar[sec / 100 % 10]; //取百位
  47   4                                              LedBuff[3] = LedChar[sec / 1000 % 10]; //取千位
  48   4                                              LedBuff[4] = LedChar[sec / 10000 % 10]; //取万位
  49   4                                              LedBuff[5] = LedChar[sec / 100000 % 10]; //取十万位
  50   4                                      }
  51   3                                      
  52   3                                      if(i == 0)
  53   3                                      {ADDR2 = 0; ADDR1 = 0; ADDR0 = 0; i++; P0 = LedBuff[0];}
  54   3                                      else if(i == 1)
  55   3                                      {ADDR2 = 0; ADDR1 = 0; ADDR0 = 1; i++; P0 = LedBuff[1];}
C51 COMPILER V9.02   LED_PRACTICE01                                                        12/21/2015 21:01:12 PAGE 2   

  56   3                                      else if(i == 2)
  57   3                                      {ADDR2 = 0; ADDR1 = 1; ADDR0 = 0; i++; P0 = LedBuff[2];}
  58   3                                      else if(i == 3)
  59   3                                      {ADDR2 = 0; ADDR1 = 1, ADDR0 = 1; i++; P0 = LedBuff[3];}
  60   3                                      else if(i == 4)
  61   3                                      {ADDR2 = 1; ADDR1 = 0; ADDR0 = 0; i++; P0 = LedBuff[4];}
  62   3                                      else if(i == 5)
  63   3                                      {ADDR2 = 1; ADDR1 = 0; ADDR0 = 1; i=0; P0 = LedBuff[5];}
  64   3                              }
  65   2                      }
  66   1                      
  67   1      }


MODULE INFORMATION:   STATIC OVERLAYABLE
   CODE SIZE        =    439    ----
   CONSTANT SIZE    =     16    ----
   XDATA SIZE       =   ----    ----
   PDATA SIZE       =   ----    ----
   DATA SIZE        =      6       7
   IDATA SIZE       =   ----    ----
   BIT SIZE         =   ----    ----
END OF MODULE INFORMATION.


C51 COMPILATION COMPLETE.  0 WARNING(S),  0 ERROR(S)
