BL51 BANKED LINKER/LOCATER V6.22                                                        12/11/2015  22:01:38  PAGE 1


BL51 BANKED LINKER/LOCATER V6.22, INVOKED BY:
D:\KEIL\C51\BIN\BL51.EXE test03.obj TO test02 RAMSIZE (256)


MEMORY MODEL: SMALL


INPUT MODULES INCLUDED:
  test03.obj (TEST03)
  D:\KEIL\C51\LIB\C51S.LIB (?C_STARTUP)


LINK MAP OF MODULE:  test02 (TEST03)


            TYPE    BASE      LENGTH    RELOCATION   SEGMENT NAME
            -----------------------------------------------------

            * * * * * * *   D A T A   M E M O R Y   * * * * * * *
            REG     0000H     0008H     ABSOLUTE     "REG BANK 0"
            IDATA   0008H     0001H     UNIT         ?STACK

            * * * * * * *   C O D E   M E M O R Y   * * * * * * *
            CODE    0000H     0003H     ABSOLUTE     
            CODE    0003H     003AH     UNIT         ?PR?MAIN?TEST03
            CODE    003DH     000CH     UNIT         ?C_C51STARTUP



OVERLAY MAP OF MODULE:   test02 (TEST03)


SEGMENT
  +--> CALLED SEGMENT
---------------------
?C_C51STARTUP
  +--> ?PR?MAIN?TEST03



SYMBOL TABLE OF MODULE:  test02 (TEST03)

  VALUE           TYPE          NAME
  ----------------------------------

  -------         MODULE        TEST03
  C:0000H         SYMBOL        _ICE_DUMMY_
  D:0080H         PUBLIC        P0
  D:0090H         PUBLIC        P1
  D:00B0H         PUBLIC        P3
  D:00A8H         PUBLIC        IE
  D:00B8H         PUBLIC        IP
  C:0003H         PUBLIC        main
  D:0098H         PUBLIC        SCON
  D:0088H         PUBLIC        TCON
  B:0090H.0       PUBLIC        ADDR0
  B:0090H.1       PUBLIC        ADDR1
  B:0090H.2       PUBLIC        ADDR2
BL51 BANKED LINKER/LOCATER V6.22                                                      12/11/2015  22:01:38  PAGE 2


  B:0090H.3       PUBLIC        ADDR3
  D:00C8H         PUBLIC        T2CON
  B:0090H.4       PUBLIC        ENLED
  D:00D0H         PUBLIC        PSW
  -------         PROC          MAIN
  -------         DO            
  D:0006H         SYMBOL        i
  D:0005H         SYMBOL        count
  -------         ENDDO         
  C:0003H         LINE#         9
  C:0003H         LINE#         10
  C:0003H         LINE#         11
  C:0006H         LINE#         12
  C:0007H         LINE#         14
  C:0009H         LINE#         15
  C:000BH         LINE#         16
  C:000DH         LINE#         17
  C:000FH         LINE#         18
  C:0011H         LINE#         20
  C:0015H         LINE#         21
  C:0015H         LINE#         22
  C:0023H         LINE#         23
  C:0031H         LINE#         24
  C:0032H         LINE#         25
  C:0038H         LINE#         26
  C:003AH         LINE#         28
  C:003CH         LINE#         31
  -------         ENDPROC       MAIN
  -------         ENDMOD        TEST03

Program Size: data=9.0 xdata=0 code=73
LINK/LOCATE RUN COMPLETE.  0 WARNING(S),  0 ERROR(S)
